#-----------------------------------------------------------
# Vivado v2024.1 (64-bit)
# SW Build 5076996 on Wed May 22 18:36:09 MDT 2024
# IP Build 5075265 on Wed May 22 21:45:21 MDT 2024
# SharedData Build 5076995 on Wed May 22 18:29:18 MDT 2024
# Start of session at: Wed Oct 22 23:04:20 2025
# Process ID: 50790
# Current directory: /home/wu/__PYNQ__/boards/Pynq-Z2/base/base/base.runs/base_m05_regslice_11_synth_1
# Command line: vivado -log base_m05_regslice_11.vds -product Vivado -mode batch -messageDb vivado.pb -notrace -source base_m05_regslice_11.tcl
# Log file: /home/wu/__PYNQ__/boards/Pynq-Z2/base/base/base.runs/base_m05_regslice_11_synth_1/base_m05_regslice_11.vds
# Journal file: /home/wu/__PYNQ__/boards/Pynq-Z2/base/base/base.runs/base_m05_regslice_11_synth_1/vivado.jou
# Running On        :ubuntu
# Platform          :Ubuntu
# Operating System  :Ubuntu 24.10
# Processor Detail  :13th Gen Intel(R) Core(TM) i7-13700HX
# CPU Frequency     :2304.001 MHz
# CPU Physical cores:16
# CPU Logical cores :16
# Host memory       :10377 MB
# Swap memory       :2147 MB
# Total Virtual     :12524 MB
# Available Virtual :514 MB
#-----------------------------------------------------------
source base_m05_regslice_11.tcl -notrace
