

================================================================
== Vitis HLS Report for 'zbuffer'
================================================================
* Date:           Mon Oct 27 17:27:48 2025

* Version:        2024.1 (Build 5069499 on May 21 2024)
* Project:        render
* Solution:       hls (Vivado IP Flow Target)
* Product family: zynq
* Target device:  xc7z020-clg400-1


================================================================
== Performance Estimates
================================================================
+ Timing: 
    * Summary: 
    +--------+----------+----------+------------+
    |  Clock |  Target  | Estimated| Uncertainty|
    +--------+----------+----------+------------+
    |ap_clk  |  10.00 ns|  3.254 ns|     2.50 ns|
    +--------+----------+----------+------------+

+ Latency: 
    * Summary: 
    +---------+---------+----------+----------+-----+-----+---------+
    |  Latency (cycles) |  Latency (absolute) |  Interval | Pipeline|
    |   min   |   max   |    min   |    max   | min | max |   Type  |
    +---------+---------+----------+----------+-----+-----+---------+
    |        0|        0|      0 ns|      0 ns|    1|    1|      yes|
    +---------+---------+----------+----------+-----+-----+---------+

    + Detail: 
        * Instance: 
        N/A

        * Loop: 
        N/A



================================================================
== Utilization Estimates
================================================================
* Summary: 
+-----------------+---------+-----+--------+-------+-----+
|       Name      | BRAM_18K| DSP |   FF   |  LUT  | URAM|
+-----------------+---------+-----+--------+-------+-----+
|DSP              |        -|    -|       -|      -|    -|
|Expression       |        -|    -|       -|      -|    -|
|FIFO             |        -|    -|       -|      -|    -|
|Instance         |        -|    -|       -|      -|    -|
|Memory           |        -|    -|       -|      -|    -|
|Multiplexer      |        -|    -|       -|      -|    -|
|Register         |        -|    -|       -|      -|    -|
+-----------------+---------+-----+--------+-------+-----+
|Total            |        0|    0|       0|      0|    0|
+-----------------+---------+-----+--------+-------+-----+
|Available        |      280|  220|  106400|  53200|    0|
+-----------------+---------+-----+--------+-------+-----+
|Utilization (%)  |        0|    0|       0|      0|    0|
+-----------------+---------+-----+--------+-------+-----+

+ Detail: 
    * Instance: 
    N/A

    * DSP: 
    N/A

    * Memory: 
    N/A

    * FIFO: 
    N/A

    * Expression: 
    N/A

    * Multiplexer: 
    N/A

    * Register: 
    N/A



================================================================
== Interface
================================================================
* Summary: 
+--------------------------------------------------------------------------------+-----+-----+------------+-----------------------------------------------------------------------+--------------+
|                                    RTL Ports                                   | Dir | Bits|  Protocol  |                             Source Object                             |    C Type    |
+--------------------------------------------------------------------------------+-----+-----+------------+-----------------------------------------------------------------------+--------------+
|ap_start                                                                        |   in|    1|  ap_ctrl_hs|                                                                zbuffer|  return value|
|ap_ready                                                                        |  out|    1|  ap_ctrl_hs|                                                                zbuffer|  return value|
|ap_rst                                                                          |   in|    1|  ap_ctrl_hs|                                                                zbuffer|  return value|
|x_index_0_val                                                                   |   in|    7|     ap_none|                                                          x_index_0_val|        scalar|
|y_index_0_val                                                                   |   in|    7|     ap_none|                                                          y_index_0_val|        scalar|
|zbuffer_bool_ap_uint_ap_uint_ap_uint_ap_uint_ap_fixed_bool_z_buffer_8_address1  |  out|   14|   ap_memory|  zbuffer_bool_ap_uint_ap_uint_ap_uint_ap_uint_ap_fixed_bool_z_buffer_8|         array|
|zbuffer_bool_ap_uint_ap_uint_ap_uint_ap_uint_ap_fixed_bool_z_buffer_8_ce1       |  out|    1|   ap_memory|  zbuffer_bool_ap_uint_ap_uint_ap_uint_ap_uint_ap_fixed_bool_z_buffer_8|         array|
|zbuffer_bool_ap_uint_ap_uint_ap_uint_ap_uint_ap_fixed_bool_z_buffer_8_we1       |  out|    1|   ap_memory|  zbuffer_bool_ap_uint_ap_uint_ap_uint_ap_uint_ap_fixed_bool_z_buffer_8|         array|
|zbuffer_bool_ap_uint_ap_uint_ap_uint_ap_uint_ap_fixed_bool_z_buffer_8_d1        |  out|   18|   ap_memory|  zbuffer_bool_ap_uint_ap_uint_ap_uint_ap_uint_ap_fixed_bool_z_buffer_8|         array|
|zbuffer_bool_ap_uint_ap_uint_ap_uint_ap_uint_ap_fixed_bool_z_buffer_7_address1  |  out|   14|   ap_memory|  zbuffer_bool_ap_uint_ap_uint_ap_uint_ap_uint_ap_fixed_bool_z_buffer_7|         array|
|zbuffer_bool_ap_uint_ap_uint_ap_uint_ap_uint_ap_fixed_bool_z_buffer_7_ce1       |  out|    1|   ap_memory|  zbuffer_bool_ap_uint_ap_uint_ap_uint_ap_uint_ap_fixed_bool_z_buffer_7|         array|
|zbuffer_bool_ap_uint_ap_uint_ap_uint_ap_uint_ap_fixed_bool_z_buffer_7_we1       |  out|    1|   ap_memory|  zbuffer_bool_ap_uint_ap_uint_ap_uint_ap_uint_ap_fixed_bool_z_buffer_7|         array|
|zbuffer_bool_ap_uint_ap_uint_ap_uint_ap_uint_ap_fixed_bool_z_buffer_7_d1        |  out|   18|   ap_memory|  zbuffer_bool_ap_uint_ap_uint_ap_uint_ap_uint_ap_fixed_bool_z_buffer_7|         array|
|zbuffer_bool_ap_uint_ap_uint_ap_uint_ap_uint_ap_fixed_bool_z_buffer_6_address1  |  out|   14|   ap_memory|  zbuffer_bool_ap_uint_ap_uint_ap_uint_ap_uint_ap_fixed_bool_z_buffer_6|         array|
|zbuffer_bool_ap_uint_ap_uint_ap_uint_ap_uint_ap_fixed_bool_z_buffer_6_ce1       |  out|    1|   ap_memory|  zbuffer_bool_ap_uint_ap_uint_ap_uint_ap_uint_ap_fixed_bool_z_buffer_6|         array|
|zbuffer_bool_ap_uint_ap_uint_ap_uint_ap_uint_ap_fixed_bool_z_buffer_6_we1       |  out|    1|   ap_memory|  zbuffer_bool_ap_uint_ap_uint_ap_uint_ap_uint_ap_fixed_bool_z_buffer_6|         array|
|zbuffer_bool_ap_uint_ap_uint_ap_uint_ap_uint_ap_fixed_bool_z_buffer_6_d1        |  out|   18|   ap_memory|  zbuffer_bool_ap_uint_ap_uint_ap_uint_ap_uint_ap_fixed_bool_z_buffer_6|         array|
|zbuffer_bool_ap_uint_ap_uint_ap_uint_ap_uint_ap_fixed_bool_z_buffer_5_address1  |  out|   14|   ap_memory|  zbuffer_bool_ap_uint_ap_uint_ap_uint_ap_uint_ap_fixed_bool_z_buffer_5|         array|
|zbuffer_bool_ap_uint_ap_uint_ap_uint_ap_uint_ap_fixed_bool_z_buffer_5_ce1       |  out|    1|   ap_memory|  zbuffer_bool_ap_uint_ap_uint_ap_uint_ap_uint_ap_fixed_bool_z_buffer_5|         array|
|zbuffer_bool_ap_uint_ap_uint_ap_uint_ap_uint_ap_fixed_bool_z_buffer_5_we1       |  out|    1|   ap_memory|  zbuffer_bool_ap_uint_ap_uint_ap_uint_ap_uint_ap_fixed_bool_z_buffer_5|         array|
|zbuffer_bool_ap_uint_ap_uint_ap_uint_ap_uint_ap_fixed_bool_z_buffer_5_d1        |  out|   18|   ap_memory|  zbuffer_bool_ap_uint_ap_uint_ap_uint_ap_uint_ap_fixed_bool_z_buffer_5|         array|
|zbuffer_bool_ap_uint_ap_uint_ap_uint_ap_uint_ap_fixed_bool_z_buffer_4_address1  |  out|   14|   ap_memory|  zbuffer_bool_ap_uint_ap_uint_ap_uint_ap_uint_ap_fixed_bool_z_buffer_4|         array|
|zbuffer_bool_ap_uint_ap_uint_ap_uint_ap_uint_ap_fixed_bool_z_buffer_4_ce1       |  out|    1|   ap_memory|  zbuffer_bool_ap_uint_ap_uint_ap_uint_ap_uint_ap_fixed_bool_z_buffer_4|         array|
|zbuffer_bool_ap_uint_ap_uint_ap_uint_ap_uint_ap_fixed_bool_z_buffer_4_we1       |  out|    1|   ap_memory|  zbuffer_bool_ap_uint_ap_uint_ap_uint_ap_uint_ap_fixed_bool_z_buffer_4|         array|
|zbuffer_bool_ap_uint_ap_uint_ap_uint_ap_uint_ap_fixed_bool_z_buffer_4_d1        |  out|   18|   ap_memory|  zbuffer_bool_ap_uint_ap_uint_ap_uint_ap_uint_ap_fixed_bool_z_buffer_4|         array|
|zbuffer_bool_ap_uint_ap_uint_ap_uint_ap_uint_ap_fixed_bool_z_buffer_3_address1  |  out|   14|   ap_memory|  zbuffer_bool_ap_uint_ap_uint_ap_uint_ap_uint_ap_fixed_bool_z_buffer_3|         array|
|zbuffer_bool_ap_uint_ap_uint_ap_uint_ap_uint_ap_fixed_bool_z_buffer_3_ce1       |  out|    1|   ap_memory|  zbuffer_bool_ap_uint_ap_uint_ap_uint_ap_uint_ap_fixed_bool_z_buffer_3|         array|
|zbuffer_bool_ap_uint_ap_uint_ap_uint_ap_uint_ap_fixed_bool_z_buffer_3_we1       |  out|    1|   ap_memory|  zbuffer_bool_ap_uint_ap_uint_ap_uint_ap_uint_ap_fixed_bool_z_buffer_3|         array|
|zbuffer_bool_ap_uint_ap_uint_ap_uint_ap_uint_ap_fixed_bool_z_buffer_3_d1        |  out|   18|   ap_memory|  zbuffer_bool_ap_uint_ap_uint_ap_uint_ap_uint_ap_fixed_bool_z_buffer_3|         array|
|zbuffer_bool_ap_uint_ap_uint_ap_uint_ap_uint_ap_fixed_bool_z_buffer_2_address1  |  out|   14|   ap_memory|  zbuffer_bool_ap_uint_ap_uint_ap_uint_ap_uint_ap_fixed_bool_z_buffer_2|         array|
|zbuffer_bool_ap_uint_ap_uint_ap_uint_ap_uint_ap_fixed_bool_z_buffer_2_ce1       |  out|    1|   ap_memory|  zbuffer_bool_ap_uint_ap_uint_ap_uint_ap_uint_ap_fixed_bool_z_buffer_2|         array|
|zbuffer_bool_ap_uint_ap_uint_ap_uint_ap_uint_ap_fixed_bool_z_buffer_2_we1       |  out|    1|   ap_memory|  zbuffer_bool_ap_uint_ap_uint_ap_uint_ap_uint_ap_fixed_bool_z_buffer_2|         array|
|zbuffer_bool_ap_uint_ap_uint_ap_uint_ap_uint_ap_fixed_bool_z_buffer_2_d1        |  out|   18|   ap_memory|  zbuffer_bool_ap_uint_ap_uint_ap_uint_ap_uint_ap_fixed_bool_z_buffer_2|         array|
|zbuffer_bool_ap_uint_ap_uint_ap_uint_ap_uint_ap_fixed_bool_z_buffer_1_address1  |  out|   14|   ap_memory|  zbuffer_bool_ap_uint_ap_uint_ap_uint_ap_uint_ap_fixed_bool_z_buffer_1|         array|
|zbuffer_bool_ap_uint_ap_uint_ap_uint_ap_uint_ap_fixed_bool_z_buffer_1_ce1       |  out|    1|   ap_memory|  zbuffer_bool_ap_uint_ap_uint_ap_uint_ap_uint_ap_fixed_bool_z_buffer_1|         array|
|zbuffer_bool_ap_uint_ap_uint_ap_uint_ap_uint_ap_fixed_bool_z_buffer_1_we1       |  out|    1|   ap_memory|  zbuffer_bool_ap_uint_ap_uint_ap_uint_ap_uint_ap_fixed_bool_z_buffer_1|         array|
|zbuffer_bool_ap_uint_ap_uint_ap_uint_ap_uint_ap_fixed_bool_z_buffer_1_d1        |  out|   18|   ap_memory|  zbuffer_bool_ap_uint_ap_uint_ap_uint_ap_uint_ap_fixed_bool_z_buffer_1|         array|
|zbuffer_bool_ap_uint_ap_uint_ap_uint_ap_uint_ap_fixed_bool_z_buffer_address1    |  out|   14|   ap_memory|    zbuffer_bool_ap_uint_ap_uint_ap_uint_ap_uint_ap_fixed_bool_z_buffer|         array|
|zbuffer_bool_ap_uint_ap_uint_ap_uint_ap_uint_ap_fixed_bool_z_buffer_ce1         |  out|    1|   ap_memory|    zbuffer_bool_ap_uint_ap_uint_ap_uint_ap_uint_ap_fixed_bool_z_buffer|         array|
|zbuffer_bool_ap_uint_ap_uint_ap_uint_ap_uint_ap_fixed_bool_z_buffer_we1         |  out|    1|   ap_memory|    zbuffer_bool_ap_uint_ap_uint_ap_uint_ap_uint_ap_fixed_bool_z_buffer|         array|
|zbuffer_bool_ap_uint_ap_uint_ap_uint_ap_uint_ap_fixed_bool_z_buffer_d1          |  out|   18|   ap_memory|    zbuffer_bool_ap_uint_ap_uint_ap_uint_ap_uint_ap_fixed_bool_z_buffer|         array|
+--------------------------------------------------------------------------------+-----+-----+------------+-----------------------------------------------------------------------+--------------+

