#-----------------------------------------------------------
# Vivado v2024.1 (64-bit)
# SW Build 5076996 on Wed May 22 18:36:09 MDT 2024
# IP Build 5075265 on Wed May 22 21:45:21 MDT 2024
# SharedData Build 5076995 on Wed May 22 18:29:18 MDT 2024
# Start of session at: Fri Oct 24 23:08:25 2025
# Process ID: 296457
# Current directory: /home/wu/__PYNQ__/board_grey/Pynq-Z2/base/base/base.runs/base_axi_dma_0_0_synth_1
# Command line: vivado -log base_axi_dma_0_0.vds -product Vivado -mode batch -messageDb vivado.pb -notrace -source base_axi_dma_0_0.tcl
# Log file: /home/wu/__PYNQ__/board_grey/Pynq-Z2/base/base/base.runs/base_axi_dma_0_0_synth_1/base_axi_dma_0_0.vds
# Journal file: /home/wu/__PYNQ__/board_grey/Pynq-Z2/base/base/base.runs/base_axi_dma_0_0_synth_1/vivado.jou
# Running On        :ubuntu
# Platform          :Ubuntu
# Operating System  :Ubuntu 24.10
# Processor Detail  :13th Gen Intel(R) Core(TM) i7-13700HX
# CPU Frequency     :2303.997 MHz
# CPU Physical cores:16
# CPU Logical cores :16
# Host memory       :11434 MB
# Swap memory       :30064 MB
# Total Virtual     :41498 MB
# Available Virtual :34788 MB
#-----------------------------------------------------------
source base_axi_dma_0_0.tcl -notrace
